β-VAE strong  latent=16  β=0.005  epochs=300  in_ch=5  aug=True
Patients: 122 total  (96 benign, 26 malignant)
Device: cuda
Parameters: 8,292,129
Epoch    1/300  Loss=0.0850  Recon=0.0824  KL=2.419  β_eff=0.00
Epoch   50/300  Loss=0.0655  Recon=0.0600  KL=0.084  β_eff=0.00
Epoch  100/300  Loss=0.0677  Recon=0.0594  KL=0.082  β_eff=0.01
Epoch  150/300  Loss=0.0595  Recon=0.0595  KL=0.093  β_eff=0.00
Epoch  200/300  Loss=0.0645  Recon=0.0590  KL=0.089  β_eff=0.00
Epoch  250/300  Loss=0.0669  Recon=0.0589  KL=0.081  β_eff=0.01
Epoch  300/300  Loss=0.0591  Recon=0.0591  KL=0.088  β_eff=0.00
Weights saved.
Z=(122, 16)  dead_dims=0/16  var_mean=0.0591
Saved fig0_training_loss.png
Saved fig1_reconstruction.png
Computing UMAP...
Saved fig2_umap.png
Saved fig3_pca.png
Running LOO-CV SVM  (real data only)...

== LOO-CV Results (real data only) ==
  RBF-SVM:  AUC=0.728  Sens=0.423  Spec=0.958
  MWU p=0.0002
Saved fig4_classifier.png
Saved fig5_latent_dims.png

========================================================
SUMMARY
========================================================
  Patients          : 122 (96 benign, 26 malignant)
  Input             : all view(s)  5 ch  64×64
  β-VAE             : latent=16  β=0.005  epochs=300
  Dead latent dims  : 0 / 16
  Significant dims  : 13 / 16  (t-test p<0.05)
  LOO-CV RBF-SVM    : AUC=0.728  Sens=0.423  Spec=0.958
  MWU p-value       : 0.0002
========================================================
Results → /mnt/Data1/Peoples/faiz836b/DNP-3DDMR-IR/VAE_Discriminability/results
