Device  : cuda
trimesh : 4.12.2
TIFF dir  : True
UNET dir  : True
NeRF ckpt : True
Model classes defined.
extract_3d_volume ready.
Geometry pipeline ready.
PINN v3 (fixed-magnitude, geometry-only inverse) ready.
train_pinn_single (v3 — forward-matching inverse) ready.
generate_synthetic_skin ready.
FEA functions (shared-constant, chest-wall-aligned) ready.
Device: cuda
Found 122 complete patients.
NeRF checkpoint loaded — 205,106 parameters
Selected 122 patients | resume will skip 0 already done | FEA=on | out=/mnt/Data1/Peoples/faiz836b/DNP-3DDMR-IR/TherMAM-NeRF/PINNpdeSolver/results/pinn_fea_results.csv

════════════════════════════════════════════════════════════
[1/122] Patient_1 (benign)  idx=0
════════════════════════════════════════════════════════════
Extracting volume for Patient_1 (benign) …
  calibrated breast_radius_mm: 157.7 mm (mask 95px wide, default was 70.0mm)
  largest component: 31,404 verts, 62,804 faces
  after repair     : watertight=True
  laplacian smooth : 20 iters
  T_measured: 21.9–33.5°C
STL saved → /mnt/Data1/Peoples/faiz836b/DNP-3DDMR-IR/TherMAM-NeRF/PINNpdeSolver/results/Patient_1/Patient_1.stl
  surface split: 2335 chest-wall / 29069 skin vertices
  hot-spot pin: lateral=(46.7, 24.5)mm  (2907 verts, top 10%)
  grid z=-101.8 r=  6.0 → J=7.0165  ★
  grid z=-101.8 r= 12.0 → J=6.8944  ★
